---
source: crates/ml-features/tests/invariants.rs
expression: lock
---
feature_version: v1

[Block] 24 features, content_hash 5b0fc53e9545c623817cc1ccfa66002372726ae7f2057aa136d7e86201f7d31c
  tx_count_log (LogMagnitude)
  enriched_tx_fraction (Fraction)
  contract_creation_fraction (Fraction)
  distinct_sender_fraction (Fraction)
  top_sender_tx_share (Fraction)
  repeat_sender_tx_fraction (Fraction)
  gas_known_fraction (Fraction)
  gas_price_gwei_log_mean (LogMagnitude)
  gas_price_gwei_log_std (LogMagnitude)
  head_gas_premium (Ratio)
  gas_used_log_mean (LogMagnitude)
  swap_count_log (LogMagnitude)
  transfer_count_log (LogMagnitude)
  swap_usd_volume_log (LogMagnitude)
  priced_swap_fraction (Fraction)
  transfer_usd_volume_log (LogMagnitude)
  priced_transfer_fraction (Fraction)
  max_transfer_usd_log (LogMagnitude)
  flow_concentration (Fraction)
  distinct_pool_count_log (LogMagnitude)
  swaps_per_pool (Ratio)
  top_pool_swap_share (Fraction)
  pool_round_trip_fraction (Fraction)
  max_pool_impact_log (LogMagnitude)

[Tx] 19 features, content_hash f54b74fdc2ec8a923c0c12331ce083543b08359dff1810756f8a2643a74ef2f3
  position_in_block (Fraction)
  is_enriched (Indicator)
  is_contract_creation (Indicator)
  swap_count_log (LogMagnitude)
  transfer_count_log (LogMagnitude)
  sender_block_tx_share (Fraction)
  gas_known (Indicator)
  gas_price_gwei_log (LogMagnitude)
  gas_price_vs_block_median (Ratio)
  gas_used_log (LogMagnitude)
  swap_in_usd_log (LogMagnitude)
  priced_swap_fraction (Fraction)
  transfer_usd_log (LogMagnitude)
  max_transfer_usd_log (LogMagnitude)
  distinct_pool_count_log (LogMagnitude)
  distinct_token_count_log (LogMagnitude)
  swap_chain_overlap (Indicator)
  self_pool_round_trip (Indicator)
  max_pool_impact_log (LogMagnitude)
